2511.20639
2604.13349
2602.03036
2606.07098
2512.13494
2603.02188
2606.15682
2602.11374
2604.01609
2602.00471
2602.21204
2502.03805
2602.12063
2602.11408
2601.21714
2601.05230
2509.15038
2510.05174
2510.13903
2604.17148
2509.24323
2506.04761
2506.05233
2505.23884
2602.12499
2506.10918
2602.03051
2505.03801
2505.18610
2510.05528
2509.13095
2602.01270
2507.23682
2506.01392
2602.08032
2602.01053
2605.09907
2602.03695
2510.25850
2603.09022
2604.21100
2603.08859
2510.04944
2602.10796
2602.18333
2503.18893
2506.11087
2602.08343
2510.08525
2510.07651
2510.26433
2602.10104
2602.19634
2605.15725
2602.00475
2605.27358
2504.19449
2405.21060
2510.12872
2505.24133
2606.08382
2509.21623
2510.03215
2604.03143
2606.09659
2604.17695
2605.28573
2604.00821
2601.22716
2606.13594
2511.09149
2602.08005
2606.21847
2605.22344
2510.20733
2604.04921
2511.01815
2605.22786
2605.13734
2605.22863
2602.02180
2607.12550
2603.15569
2608.02901
2607.26773
2606.23568
2606.32026
2606.15378
2607.24331
2606.05711
2608.02032
2608.13317
